!***************  TEXT CONTRIBUTION  ******************************************************** 

plugin@org.eclipse.text=v20040625_1200,:pserver:anonymous@dev.eclipse.org:/home/eclipse,
plugin@org.eclipse.jface.text=v20040625_1200,:pserver:anonymous@dev.eclipse.org:/home/eclipse,
plugin@org.eclipse.ui.workbench.texteditor=v20040625_1200,:pserver:anonymous@dev.eclipse.org:/home/eclipse,
plugin@org.eclipse.ui.editors=v20040625_1200,:pserver:anonymous@dev.eclipse.org:/home/eclipse,
plugin@org.eclipse.core.filebuffers=v20040625_1200,:pserver:anonymous@dev.eclipse.org:/home/eclipse,

plugin@org.eclipse.ui.examples.javaeditor=v20040625_1200,:pserver:anonymous@dev.eclipse.org:/home/eclipse,

plugin@org.eclipse.text.tests=perf_20050218,:pserver:anonymous@dev.eclipse.org:/home/eclipse,
plugin@org.eclipse.jface.text.tests=perf_20050218,:pserver:anonymous@dev.eclipse.org:/home/eclipse,
plugin@org.eclipse.core.filebuffers.tests=perf_30_v20050125,:pserver:anonymous@dev.eclipse.org:/home/eclipse,
plugin@org.eclipse.ui.workbench.texteditor.tests=v20041126_perf30,:pserver:anonymous@dev.eclipse.org:/home/eclipse,
plugin@org.eclipse.ui.editors.tests=v20041126_perf30,:pserver:anonymous@dev.eclipse.org:/home/eclipse,
plugin@org.eclipse.jdt.text.tests=perf_30_v20050429,:pserver:anonymous@dev.eclipse.org:/home/eclipse,